
[error occurred during error reporting (printing stack bounds), id 0xc0000005]

Native frames: (J=compiled Java code, j=interpreted, Vv=VM code, C=native code)


Current CompileTask:
C2:   3803 1857   !   4       com.android.dx.cf.code.RopperMachine::run (1550 bytes)


---------------  P R O C E S S  ---------------

Java Threads: ( => current thread )
  0x000000005525f000 JavaThread "Service Thread" daemon [_thread_blocked, id=3888, stack(0x0000000057210000,0x0000000057310000)]
  0x0000000056657000 JavaThread "C1 CompilerThread2" daemon [_thread_in_native, id=364, stack(0x0000000056f90000,0x0000000057090000)]
=>0x0000000056656000 JavaThread "C2 CompilerThread1" daemon [_thread_in_native, id=5336, stack(0x0000000056d90000,0x0000000056e90000)]
  0x0000000056654000 JavaThread "C2 CompilerThread0" daemon [_thread_in_native, id=6072, stack(0x0000000056e90000,0x0000000056f90000)]
  0x0000000056650800 JavaThread "Attach Listener" daemon [_thread_blocked, id=2936, stack(0x0000000056bf0000,0x0000000056cf0000)]
  0x0000000055252000 JavaThread "Signal Dispatcher" daemon [_thread_blocked, id=5976, stack(0x0000000056ad0000,0x0000000056bd0000)]
  0x00000000551f2000 JavaThread "Finalizer" daemon [_thread_blocked, id=4288, stack(0x0000000056550000,0x0000000056650000)]
  0x00000000551f0800 JavaThread "Reference Handler" daemon [_thread_blocked, id=6588, stack(0x00000000563c0000,0x00000000564c0000)]
  0x000000000219e800 JavaThread "main" [_thread_in_Java, id=7992, stack(0x00000000024a0000,0x00000000025a0000)]

Other Threads:
  0x00000000551eb000 VMThread [stack: 0x0000000056230000,0x0000000056330000] [id=584]
  0x00000000566dc800 WatcherThread [stack: 0x0000000057360000,0x0000000057460000] [id=6276]

VM state:not at safepoint (normal execution)

VM Mutex/Monitor currently owned by a thread: None

Heap:
 PSYoungGen      total 71168K, used 42466K [0x00000000eab00000, 0x00000000efb00000, 0x0000000100000000)
  eden space 61952K, 67% used [0x00000000eab00000,0x00000000ed3fb6a0,0x00000000ee780000)
  from space 9216K, 5% used [0x00000000ee780000,0x00000000ee7fd3e0,0x00000000ef080000)
  to   space 7680K, 0% used [0x00000000ef080000,0x00000000ef080000,0x00000000ef800000)
 ParOldGen       total 42496K, used 42142K [0x00000000c0000000, 0x00000000c2980000, 0x00000000eab00000)
  object space 42496K, 99% used [0x00000000c0000000,0x00000000c2927898,0x00000000c2980000)
 Metaspace       used 6452K, capacity 7320K, committed 7680K, reserved 1056768K
  class space    used 617K, capacity 656K, committed 768K, reserved 1048576K

Card table byte_map: [0x0000000011c30000,0x0000000011e40000] byte_map_base: 0x0000000011630000

Marking Bits: (ParMarkBitMap*) 0x000000005e4b0600
 Begin Bits: [0x0000000012660000, 0x0000000013660000)
 End Bits:   [0x0000000013660000, 0x0000000014660000)

Polling page: 0x0000000000430000

CodeCache: size=245760Kb used=7765Kb max_used=7765Kb free=237994Kb
 bounds [0x0000000002870000, 0x0000000003010000, 0x0000000011870000]
 total_blobs=2200 nmethods=1936 adapters=176
 compilation: enabled

Compilation events (10 events):
Event: 3.779 Thread 0x0000000056657000 nmethod 2001 0x0000000003007fd0 code [0x00000000030081c0, 0x00000000030088a8]
Event: 3.779 Thread 0x0000000056657000 2002       2       com.android.dx.dex.file.ProtoIdItem::<init> (60 bytes)
Event: 3.780 Thread 0x0000000056657000 nmethod 2002 0x0000000003009290 code [0x0000000003009420, 0x00000000030097a8]
Event: 3.789 Thread 0x0000000056657000 2004  s    2       com.android.dx.dex.file.TypeIdsSection::intern (62 bytes)
Event: 3.790 Thread 0x0000000056657000 nmethod 2004 0x0000000003009990 code [0x0000000003009b40, 0x000000000300a148]
Event: 3.790 Thread 0x0000000056657000 2005       2       com.android.dx.dex.file.FieldIdItem::addContents (23 bytes)
Event: 3.790 Thread 0x0000000056657000 nmethod 2005 0x000000000300a4d0 code [0x000000000300a680, 0x000000000300a988]
Event: 3.790 Thread 0x0000000056657000 2006       2       com.android.dx.dex.file.FieldIdItem::getFieldRef (8 bytes)
Event: 3.790 Thread 0x0000000056657000 nmethod 2006 0x000000000300ad90 code [0x000000000300aee0, 0x000000000300b050]
Event: 3.797 Thread 0x0000000056657000 2008       2       com.android.dx.rop.type.StdTypeList::hashContents (40 bytes)

GC Heap History (10 events):
Event: 1.620 GC heap before
{Heap before GC invocations=6 (full 0):
 PSYoungGen      total 34304K, used 34277K [0x00000000eab00000, 0x00000000ef800000, 0x0000000100000000)
  eden space 31744K, 100% used [0x00000000eab00000,0x00000000eca00000,0x00000000eca00000)
  from space 2560K, 98% used [0x00000000eca00000,0x00000000ecc79750,0x00000000ecc80000)
  to   space 7680K, 0% used [0x00000000ef080000,0x00000000ef080000,0x00000000ef800000)
 ParOldGen       total 42496K, used 12033K [0x00000000c0000000, 0x00000000c2980000, 0x00000000eab00000)
  object space 42496K, 28% used [0x00000000c0000000,0x00000000c0bc0548,0x00000000c2980000)
 Metaspace       used 6146K, capacity 7152K, committed 7296K, reserved 1056768K
  class space    used 590K, capacity 616K, committed 640K, reserved 1048576K
Event: 1.641 GC heap after
Heap after GC invocations=6 (full 0):
 PSYoungGen      total 69632K, used 7667K [0x00000000eab00000, 0x00000000efb00000, 0x0000000100000000)
  eden space 61952K, 0% used [0x00000000eab00000,0x00000000eab00000,0x00000000ee780000)
  from space 7680K, 99% used [0x00000000ef080000,0x00000000ef7fcc18,0x00000000ef800000)
  to   space 9216K, 0% used [0x00000000ee780000,0x00000000ee780000,0x00000000ef080000)
 ParOldGen       total 42496K, used 12299K [0x00000000c0000000, 0x00000000c2980000, 0x00000000eab00000)
  object space 42496K, 28% used [0x00000000c0000000,0x00000000c0c02cf0,0x00000000c2980000)
 Metaspace       used 6146K, capacity 7152K, committed 7296K, reserved 1056768K
  class space    used 590K, capacity 616K, committed 640K, reserved 1048576K
}
Event: 2.127 GC heap before
{Heap before GC invocations=7 (full 0):
 PSYoungGen      total 69632K, used 69619K [0x00000000eab00000, 0x00000000efb00000, 0x0000000100000000)
  eden space 61952K, 100% used [0x00000000eab00000,0x00000000ee780000,0x00000000ee780000)
  from space 7680K, 99% used [0x00000000ef080000,0x00000000ef7fcc18,0x00000000ef800000)
  to   space 9216K, 0% used [0x00000000ee780000,0x00000000ee780000,0x00000000ef080000)
 ParOldGen       total 42496K, used 12299K [0x00000000c0000000, 0x00000000c2980000, 0x00000000eab00000)
  object space 42496K, 28% used [0x00000000c0000000,0x00000000c0c02cf0,0x00000000c2980000)
 Metaspace       used 6171K, capacity 7152K, committed 7296K, reserved 1056768K
  class space    used 590K, capacity 616K, committed 640K, reserved 1048576K
Event: 2.189 GC heap after
Heap after GC invocations=7 (full 0):
 PSYoungGen      total 71168K, used 9189K [0x00000000eab00000, 0x00000000efb00000, 0x0000000100000000)
  eden space 61952K, 0% used [0x00000000eab00000,0x00000000eab00000,0x00000000ee780000)
  from space 9216K, 99% used [0x00000000ee780000,0x00000000ef0797e0,0x00000000ef080000)
  to   space 7680K, 0% used [0x00000000ef080000,0x00000000ef080000,0x00000000ef800000)
 ParOldGen       total 42496K, used 19473K [0x00000000c0000000, 0x00000000c2980000, 0x00000000eab00000)
  object space 42496K, 45% used [0x00000000c0000000,0x00000000c1304530,0x00000000c2980000)
 Metaspace       used 6171K, capacity 7152K, committed 7296K, reserved 1056768K
  class space    used 590K, capacity 616K, committed 640K, reserved 1048576K
}
Event: 2.611 GC heap before
{Heap before GC invocations=8 (full 0):
 PSYoungGen      total 71168K, used 71141K [0x00000000eab00000, 0x00000000efb00000, 0x0000000100000000)
  eden space 61952K, 100% used [0x00000000eab00000,0x00000000ee780000,0x00000000ee780000)
  from space 9216K, 99% used [0x00000000ee780000,0x00000000ef0797e0,0x00000000ef080000)
  to   space 7680K, 0% used [0x00000000ef080000,0x00000000ef080000,0x00000000ef800000)
 ParOldGen       total 42496K, used 19473K [0x00000000c0000000, 0x00000000c2980000, 0x00000000eab00000)
  object space 42496K, 45% used [0x00000000c0000000,0x00000000c1304530,0x00000000c2980000)
 Metaspace       used 6335K, capacity 7224K, committed 7296K, reserved 1056768K
  class space    used 610K, capacity 624K, committed 640K, reserved 1048576K
Event: 2.652 GC heap after
Heap after GC invocations=8 (full 0):
 PSYoungGen      total 69632K, used 7666K [0x00000000eab00000, 0x00000000efb00000, 0x0000000100000000)
  eden space 61952K, 0% used [0x00000000eab00000,0x00000000eab00000,0x00000000ee780000)
  from space 7680K, 99% used [0x00000000ef080000,0x00000000ef7fc888,0x00000000ef800000)
  to   space 9216K, 0% used [0x00000000ee780000,0x00000000ee780000,0x00000000ef080000)
 ParOldGen       total 42496K, used 29216K [0x00000000c0000000, 0x00000000c2980000, 0x00000000eab00000)
  object space 42496K, 68% used [0x00000000c0000000,0x00000000c1c883b8,0x00000000c2980000)
 Metaspace       used 6335K, capacity 7224K, committed 7296K, reserved 1056768K
  class space    used 610K, capacity 624K, committed 640K, reserved 1048576K
}
Event: 2.980 GC heap before
{Heap before GC invocations=9 (full 0):
 PSYoungGen      total 69632K, used 69618K [0x00000000eab00000, 0x00000000efb00000, 0x0000000100000000)
  eden space 61952K, 100% used [0x00000000eab00000,0x00000000ee780000,0x00000000ee780000)
  from space 7680K, 99% used [0x00000000ef080000,0x00000000ef7fc888,0x00000000ef800000)
  to   space 9216K, 0% used [0x00000000ee780000,0x00000000ee780000,0x00000000ef080000)
 ParOldGen       total 42496K, used 29216K [0x00000000c0000000, 0x00000000c2980000, 0x00000000eab00000)
  object space 42496K, 68% used [0x00000000c0000000,0x00000000c1c883b8,0x00000000c2980000)
 Metaspace       used 6347K, capacity 7224K, committed 7296K, reserved 1056768K
  class space    used 610K, capacity 624K, committed 640K, reserved 1048576K
Event: 3.011 GC heap after
Heap after GC invocations=9 (full 0):
 PSYoungGen      total 71168K, used 9207K [0x00000000eab00000, 0x00000000efb00000, 0x0000000100000000)
  eden space 61952K, 0% used [0x00000000eab00000,0x00000000eab00000,0x00000000ee780000)
  from space 9216K, 99% used [0x00000000ee780000,0x00000000ef07dca8,0x00000000ef080000)
  to   space 7680K, 0% used [0x00000000ef080000,0x00000000ef080000,0x00000000ef800000)
 ParOldGen       total 42496K, used 36853K [0x00000000c0000000, 0x00000000c2980000, 0x00000000eab00000)
  object space 42496K, 86% used [0x00000000c0000000,0x00000000c23fd450,0x00000000c2980000)
 Metaspace       used 6347K, capacity 7224K, committed 7296K, reserved 1056768K
  class space    used 610K, capacity 624K, committed 640K, reserved 1048576K
}
Event: 3.011 GC heap before
{Heap before GC invocations=10 (full 1):
 PSYoungGen      total 71168K, used 9207K [0x00000000eab00000, 0x00000000efb00000, 0x0000000100000000)
  eden space 61952K, 0% used [0x00000000eab00000,0x00000000eab00000,0x00000000ee780000)
  from space 9216K, 99% used [0x00000000ee780000,0x00000000ef07dca8,0x00000000ef080000)
  to   space 7680K, 0% used [0x00000000ef080000,0x00000000ef080000,0x00000000ef800000)
 ParOldGen       total 42496K, used 36853K [0x00000000c0000000, 0x00000000c2980000, 0x00000000eab00000)
  object space 42496K, 86% used [0x00000000c0000000,0x00000000c23fd450,0x00000000c2980000)
 Metaspace       used 6347K, capacity 7224K, committed 7296K, reserved 1056768K
  class space    used 610K, capacity 624K, committed 640K, reserved 1048576K
Event: 3.342 GC heap after
Heap after GC invocations=10 (full 1):
 PSYoungGen      total 71168K, used 500K [0x00000000eab00000, 0x00000000efb00000, 0x0000000100000000)
  eden space 61952K, 0% used [0x00000000eab00000,0x00000000eab00000,0x00000000ee780000)
  from space 9216K, 5% used [0x00000000ee780000,0x00000000ee7fd3e0,0x00000000ef080000)
  to   space 7680K, 0% used [0x00000000ef080000,0x00000000ef080000,0x00000000ef800000)
 ParOldGen       total 42496K, used 42142K [0x00000000c0000000, 0x00000000c2980000, 0x00000000eab00000)
  object space 42496K, 99% used [0x00000000c0000000,0x00000000c2927898,0x00000000c2980000)
 Metaspace       used 6347K, capacity 7224K, committed 7296K, reserved 1056768K
  class space    used 610K, capacity 624K, committed 640K, reserved 1048576K
}

Deoptimization events (10 events):
Event: 1.871 Thread 0x00000000568eb000 Uncommon trap: reason=bimorphic action=maybe_recompile pc=0x0000000002ece588 method=com.android.dx.cf.code.BytecodeArray.parseInstruction(ILcom/android/dx/cf/code/BytecodeArray$Visitor;)I @ 939
Event: 2.191 Thread 0x00000000568ea000 Uncommon trap: reason=unstable_if action=reinterpret pc=0x0000000002d66ba8 method=java.util.HashMap.putVal(ILjava/lang/Object;Ljava/lang/Object;ZZ)Ljava/lang/Object; @ 162
Event: 2.856 Thread 0x000000000219e800 Uncommon trap: reason=unstable_if action=reinterpret pc=0x0000000002ee9cf8 method=com.android.dx.ssa.SCCP.simulateBranch(Lcom/android/dx/ssa/SsaInsn;)V @ 548
Event: 2.955 Thread 0x00000000568eb000 Uncommon trap: reason=unstable_if action=reinterpret pc=0x0000000002fc1d24 method=java.util.HashMap.getNode(ILjava/lang/Object;)Ljava/util/HashMap$Node; @ 84
Event: 3.364 Thread 0x00000000568ea000 Uncommon trap: reason=bimorphic action=maybe_recompile pc=0x0000000002f3661c method=com.android.dx.cf.code.BytecodeArray.parseInstruction(ILcom/android/dx/cf/code/BytecodeArray$Visitor;)I @ 1287
Event: 3.364 Thread 0x00000000568ea000 Uncommon trap: reason=bimorphic action=maybe_recompile pc=0x0000000002f3661c method=com.android.dx.cf.code.BytecodeArray.parseInstruction(ILcom/android/dx/cf/code/BytecodeArray$Visitor;)I @ 1287
Event: 3.613 Thread 0x000000000219e800 Uncommon trap: reason=class_check action=maybe_recompile pc=0x0000000002d940f8 method=java.util.Arrays.hashCode([Ljava/lang/Object;)I @ 43
Event: 3.613 Thread 0x000000000219e800 Uncommon trap: reason=class_check action=maybe_recompile pc=0x0000000002d940f8 method=java.util.Arrays.hashCode([Ljava/lang/Object;)I @ 43
Event: 3.613 Thread 0x000000000219e800 Uncommon trap: reason=class_check action=maybe_recompile pc=0x0000000002d940f8 method=java.util.Arrays.hashCode([Ljava/lang/Object;)I @ 43
Event: 3.613 Thread 0x000000000219e800 Uncommon trap: reason=class_check action=maybe_recompile pc=0x0000000002d940f8 method=java.util.Arrays.hashCode([Ljava/lang/Object;)I @ 43

Internal exceptions (7 events):
Event: 0.051 Thread 0x000000000219e800 Exception <a 'java/lang/NoSuchMethodError': Method sun.misc.Unsafe.defineClass(Ljava/lang/String;[BII)Ljava/lang/Class; name or signature does not match> (0x00000000eab130d8) thrown at [D:\re\puppet\workspace\8-2-build-windows-amd64-cygwin\jdk8u73\6086\hotö.Öª?
Event: 0.051 Thread 0x000000000219e800 Exception <a 'java/lang/NoSuchMethodError': Method sun.misc.Unsafe.prefetchRead(Ljava/lang/Object;J)V name or signature does not match> (0x00000000eab133c0) thrown at [D:\re\puppet\workspace\8-2-build-windows-amd64-cygwin\jdk8u73\6086\hotspot\src\share\vm\+»[,¨sì?
Event: 0.889 Thread 0x00000000568eb000 Implicit null exception at 0x0000000002b6eb92 to 0x0000000002b6ec82
Event: 1.088 Thread 0x00000000568eb000 Implicit null exception at 0x0000000002b28369 to 0x0000000002b2a5cd
Event: 2.196 Thread 0x00000000568ea000 Exception <a 'java/lang/ArrayIndexOutOfBoundsException': 18> (0x00000000eab3e178) thrown at [D:\re\puppet\workspace\8-2-build-windows-amd64-cygwin\jdk8u73\6086\hotspot\src\share\vm\interpreter\interpreterRuntime.cpp, line 366]
Event: 2.197 Thread 0x00000000568ea000 Exception <a 'java/lang/ArrayIndexOutOfBoundsException'> (0x00000000eab3fcf8) thrown at [D:\re\puppet\workspace\8-2-build-windows-amd64-cygwin\jdk8u73\6086\hotspot\src\share\vm\runtime\sharedRuntime.cpp, line 605]
Event: 2.198 Thread 0x00000000568ea000 Exception <a 'java/lang/ArrayIndexOutOfBoundsException'> (0x00000000eab40fe0) thrown at [D:\re\puppet\workspace\8-2-build-windows-amd64-cygwin\jdk8u73\6086\hotspot\src\share\vm\runtime\sharedRuntime.cpp, line 605]

Events (10 events):
Event: 3.613 Thread 0x000000000219e800 DEOPT PACKING pc=0x0000000002d940f8 sp=0x000000000259eda0
Event: 3.613 Thread 0x000000000219e800 DEOPT UNPACKING pc=0x00000000028b582a sp=0x000000000259ed20 mode 2
Event: 3.615 loading class com/android/dx/rop/cst/Zeroes
Event: 3.615 loading class com/android/dx/rop/cst/Zeroes done
Event: 3.637 loading class com/android/dx/dex/file/CatchStructs
Event: 3.637 loading class com/android/dx/dex/file/CatchStructs done
Event: 3.655 Thread 0x000000000219e800 DEOPT PACKING pc=0x0000000002ff0dbc sp=0x000000000259eec0
Event: 3.655 Thread 0x000000000219e800 DEOPT UNPACKING pc=0x00000000028b787f sp=0x000000000259ec50 mode 0
Event: 3.756 loading class com/android/dx/dex/file/ProtoIdItem
Event: 3.756 loading class com/android/dx/dex/file/ProtoIdItem done


Dynamic libraries:
0x000000013f060000 - 0x000000013f097000 	C:\Program Files\Java\jdk1.8.0_73\bin\java.exe
0x0000000077270000 - 0x000000007741a000 	C:\Windows\SYSTEM32\ntdll.dll
0x0000000077150000 - 0x000000007726f000 	C:\Windows\system32\kernel32.dll
0x000007fefcfd0000 - 0x000007fefd03a000 	C:\Windows\system32\KERNELBASE.dll
0x0000000074ca0000 - 0x0000000074d27000 	C:\Windows\System32\SYSFER.DLL
0x000007fefdc80000 - 0x000007fefdd5b000 	C:\Windows\system32\ADVAPI32.dll
0x000007fefdd60000 - 0x000007fefddff000 	C:\Windows\system32\msvcrt.dll
0x000007feff560000 - 0x000007feff57f000 	C:\Windows\SYSTEM32\sechost.dll
0x000007fefd450000 - 0x000007fefd57d000 	C:\Windows\system32\RPCRT4.dll
0x0000000077050000 - 0x000000007714a000 	C:\Windows\system32\USER32.dll
0x000007fefd7e0000 - 0x000007fefd847000 	C:\Windows\system32\GDI32.dll
0x000007fefd430000 - 0x000007fefd43e000 	C:\Windows\system32\LPK.dll
0x000007fefd360000 - 0x000007fefd42a000 	C:\Windows\system32\USP10.dll
0x000007fefbf40000 - 0x000007fefc134000 	C:\Windows\WinSxS\amd64_microsoft.windows.common-controls_6595b64144ccf1df_6.0.7601.18837_none_fa3b1e3d17594757\COMCTL32.dll
0x000007fefe2e0000 - 0x000007fefe351000 	C:\Windows\system32\SHLWAPI.dll
0x000007fefd580000 - 0x000007fefd5ae000 	C:\Windows\system32\IMM32.DLL
0x000007fefdea0000 - 0x000007fefdfa9000 	C:\Windows\system32\MSCTF.dll
0x000000005c340000 - 0x000000005c412000 	C:\Program Files\Java\jdk1.8.0_73\jre\bin\msvcr100.dll
0x000000005dca0000 - 0x000000005e530000 	C:\Program Files\Java\jdk1.8.0_73\jre\bin\server\jvm.dll
0x000007feef9c0000 - 0x000007feef9c9000 	C:\Windows\system32\WSOCK32.dll
0x000007fefdfb0000 - 0x000007fefdffd000 	C:\Windows\system32\WS2_32.dll
0x000007fefd440000 - 0x000007fefd448000 	C:\Windows\system32\NSI.dll
0x000007fefbc00000 - 0x000007fefbc3b000 	C:\Windows\system32\WINMM.dll
0x000007fefc330000 - 0x000007fefc33c000 	C:\Windows\system32\VERSION.dll
0x0000000077430000 - 0x0000000077437000 	C:\Windows\system32\PSAPI.DLL
0x00000000714a0000 - 0x00000000714af000 	C:\Program Files\Java\jdk1.8.0_73\jre\bin\verify.dll
0x0000000060030000 - 0x0000000060059000 	C:\Program Files\Java\jdk1.8.0_73\jre\bin\java.dll
0x0000000060010000 - 0x0000000060026000 	C:\Program Files\Java\jdk1.8.0_73\jre\bin\zip.dll
0x000007fefe360000 - 0x000007feff0ea000 	C:\Windows\system32\SHELL32.dll
0x000007fefd5b0000 - 0x000007fefd7b3000 	C:\Windows\system32\ole32.dll
0x000007fefcfa0000 - 0x000007fefcfaf000 	C:\Windows\system32\profapi.dll

VM Arguments:
jvm_args: -Djava.awt.headless=true -Xmx1024M -Dfile.encoding=windows-1251 -Duser.country=RU -Duser.language=ru -Duser.variant 
java_command: com.android.dx.command.Main --dex --force-jumbo --num-threads=4 --output C:\asp\NGS_vacancy\app\build\intermediates\pre-dexed\debug\com.android.support-appcompat-v7-24.2.1_b8fc76940b90b1bf31676be24080741d0a073b03.jar C:\asp\NGS_vacancy\app\build\intermediates\exploded-aar\com.android.support\appcompat-v7\24.2.1\jars\classes.jar
java_class_path (initial): C:\Users\avtseben\AppData\Local\Android\Sdk\build-tools\23.0.3\lib\dx.jar
Launcher Type: SUN_STANDARD

Environment Variables:
PATH=C:\Program Files\Broadcom\Broadcom 802.11;c:\Program Files (x86)\Intel\iCLS Client\;c:\Program Files\Intel\iCLS Client\;C:\ProgramData\Oracle\Java\javapath;C:\Windows\system32;C:\Windows;C:\Windows\System32\Wbem;C:\Windows\System32\WindowsPowerShell\v1.0\;C:\Program Files\Intel\Intel(R) Management Engine Components\DAL;C:\Program Files\Intel\Intel(R) Management Engine Components\IPT;C:\Program Files (x86)\Intel\Intel(R) Management Engine Components\DAL;C:\Program Files (x86)\Intel\Intel(R) Management Engine Components\IPT;c:\Program Files\WIDCOMM\Bluetooth Software\;c:\Program Files\WIDCOMM\Bluetooth Software\syswow64;C:\Program Files (x86)\Hewlett-Packard\HP ProtectTools Security Manager\Bin\;C:\Program Files (x86)\Skype\Phone\;C:\Program Files\OpenVPN\bin;C:\androidSDK\platform-tools\;C:\Program Files\Broadcom\Broadcom 802.11;c:\Program Files (x86)\Intel\iCLS Client\;c:\Program Files\Intel\iCLS Client\;C:\ProgramData\Oracle\Java\javapath;C:\Windows\system32;C:\Windows;C:\Windows\System32\Wbem;C:\Windows\System32\WindowsPowerShell\v1.0\;C:\Program Files\Intel\Intel(R) Management Engine Components\DAL;C:\Program Files\Intel\Intel(R) Management Engine Components\IPT;C:\Program Files (x86)\Intel\Intel(R) Management Engine Components\DAL;C:\Program Files (x86)\Intel\Intel(R) Management Engine Components\IPT;c:\Program Files\WIDCOMM\Bluetooth Software\;c:\Program Files\WIDCOMM\Bluetooth Software\syswow64;C:\Program Files (x86)\Hewlett-Packard\HP ProtectTools Security Manager\Bin\;C:\Program Files (x86)\Brackets\command;C:\Program Files (x86)\Skype\Phone\;C:\Program Files (x86)\ufs2tools-0.8\ufs2tools\;C:\Program Files\Git\bin\;C:\androidSDK\platform-tools;C:\gradle\bin
USERNAME=avtseben
OS=Windows_NT
PROCESSOR_IDENTIFIER=Intel64 Family 6 Model 58 Stepping 9, GenuineIntel



---------------  S Y S T E M  ---------------

OS: Windows 7 , 64 bit Build 7601 (6.1.7601.23572)

CPU:total 4 (2 cores per cpu, 2 threads per core) family 6 model 58 stepping 9, cmov, cx8, fxsr, mmx, sse, sse2, sse3, ssse3, sse4.1, sse4.2, popcnt, avx, aes, clmul, erms, ht, tsc, tscinvbit, tscinv

Memory: 4k page, physical 4056748k(245732k free), swap 4734624k(5092k free)

vm_info: Java HotSpot(TM) 64-Bit Server VM (25.73-b02) for windows-amd64 JRE (1.8.0_73-b02), built on Jan 29 2016 17:38:49 by "java_re" with MS VC++ 10.0 (VS2010)

time: Sat Dec 24 20:26:04 2016
elapsed time: 3 seconds (0d 0h 0m 3s)

