 daemon [_thread_blocked, id=1268, stack(0x0000000057a30000,0x0000000057b30000)]
=>0x0000000056d45000 JavaThread "C2 CompilerThread1" daemon [_thread_in_native, id=2096, stack(0x00000000577f0000,0x00000000578f0000)]
  0x0000000056d43000 JavaThread "C2 CompilerThread0" daemon [_thread_in_native, id=7700, stack(0x0000000057670000,0x0000000057770000)]
  0x0000000054722800 JavaThread "Attach Listener" daemon [_thread_blocked, id=5472, stack(0x00000000574b0000,0x00000000575b0000)]
  0x0000000054720000 JavaThread "Signal Dispatcher" daemon [_thread_blocked, id=5608, stack(0x00000000572c0000,0x00000000573c0000)]
  0x00000000546c2000 JavaThread "Finalizer" daemon [_thread_blocked, id=2976, stack(0x00000000569d0000,0x0000000056ad0000)]
  0x00000000546c0800 JavaThread "Reference Handler" daemon [_thread_blocked, id=5916, stack(0x0000000056c40000,0x0000000056d40000)]
  0x000000000219e800 JavaThread "main" [_thread_in_Java, id=868, stack(0x0000000002450000,0x0000000002550000)]

Other Threads:
  0x00000000546bb000 VMThread [stack: 0x0000000056b30000,0x0000000056c30000] [id=3904]
  0x0000000056d90000 WatcherThread [stack: 0x00000000571c0000,0x00000000572c0000] [id=7688]

VM state:not at safepoint (normal execution)

VM Mutex/Monitor currently owned by a thread: None

Heap:
 PSYoungGen      total 141824K, used 44553K [0x00000000eab00000, 0x00000000fd600000, 0x0000000100000000)
  eden space 124928K, 27% used [0x00000000eab00000,0x00000000ecc0c2a0,0x00000000f2500000)
  from space 16896K, 63% used [0x00000000f2500000,0x00000000f2f76338,0x00000000f3580000)
  to   space 28160K, 0% used [0x00000000fba80000,0x00000000fba80000,0x00000000fd600000)
 ParOldGen       total 82432K, used 42462K [0x00000000c0000000, 0x00000000c5080000, 0x00000000eab00000)
  object space 82432K, 51% used [0x00000000c0000000,0x00000000c2977ba8,0x00000000c5080000)
 Metaspace       used 6600K, capacity 7256K, committed 7424K, reserved 1056768K
  class space    used 627K, capacity 656K, committed 768K, reserved 1048576K

Card table byte_map: [0x0000000011be0000,0x0000000011df0000] byte_map_base: 0x00000000115e0000

Marking Bits: (ParMarkBitMap*) 0x00000000557a0600
 Begin Bits: [0x0000000012330000, 0x0000000013330000)
 End Bits:   [0x0000000013330000, 0x0000000014330000)

Polling page: 0x0000000000330000

CodeCache: size=245760Kb used=9017Kb max_used=10508Kb free=236742Kb
 bounds [0x0000000002820000, 0x0000000003270000, 0x0000000011820000]
 total_blobs=2278 nmethods=2008 adapters=182
 compilation: enabled

Compilation events (10 events):
Event: 40.362 Thread 0x0000000056d46000 2462       2       com.android.dx.dex.code.StdCatchBuilder::getCatchTypes (97 bytes)
Event: 40.363 Thread 0x0000000056d46000 nmethod 2462 0x0000000002a6a210 code [0x0000000002a6a420, 0x0000000002a6a928]
Event: 40.363 Thread 0x0000000056d46000 2463       2       java.util.HashSet::<init> (17 bytes)
Event: 40.364 Thread 0x0000000056d46000 nmethod 2463 0x0000000002bfb090 code [0x0000000002bfb220, 0x0000000002bfb428]
Event: 40.371 Thread 0x0000000056d43000 nmethod 2460 0x000000000295a190 code [0x000000000295a380, 0x000000000295ac70]
Event: 40.371 Thread 0x0000000056d43000 2453       4       java.util.HashMap::put (13 bytes)
Event: 40.385 Thread 0x0000000056d43000 nmethod 2453 0x00000000029ad410 code [0x00000000029ad5c0, 0x00000000029adda8]
Event: 40.385 Thread 0x0000000056d43000 2464       4       com.android.dx.dex.code.OutputFinisher::getAllConstants (47 bytes)
Event: 40.393 Thread 0x0000000056d46000 2466  s    2       com.android.dx.dex.file.TypeIdsSection::intern (62 bytes)
Event: 40.393 Thread 0x0000000056d46000 nmethod 2466 0x0000000002bd80d0 code [0x0000000002bd8280, 0x0000000002bd8888]

GC Heap History (10 events):
Event: 6.406 GC heap before
{Heap before GC invocations=4 (full 0):
 PSYoungGen      total 34304K, used 34286K [0x00000000eab00000, 0x00000000eee00000, 0x0000000100000000)
  eden space 31744K, 100% used [0x00000000eab00000,0x00000000eca00000,0x00000000eca00000)
  from space 2560K, 99% used [0x00000000eca00000,0x00000000ecc7b890,0x00000000ecc80000)
  to   space 2560K, 0% used [0x00000000eeb80000,0x00000000eeb80000,0x00000000eee00000)
 ParOldGen       total 42496K, used 7236K [0x00000000c0000000, 0x00000000c2980000, 0x00000000eab00000)
  object space 42496K, 17% used [0x00000000c0000000,0x00000000c0711090,0x00000000c2980000)
 Metaspace       used 6262K, capacity 7088K, committed 7296K, reserved 1056768K
  class space    used 599K, capacity 616K, committed 640K, reserved 1048576K
Event: 6.457 GC heap after
Heap after GC invocations=4 (full 0):
 PSYoungGen      total 66048K, used 2551K [0x00000000eab00000, 0x00000000eee00000, 0x0000000100000000)
  eden space 63488K, 0% used [0x00000000eab00000,0x00000000eab00000,0x00000000ee900000)
  from space 2560K, 99% used [0x00000000eeb80000,0x00000000eedfdc90,0x00000000eee00000)
  to   space 2560K, 0% used [0x00000000ee900000,0x00000000ee900000,0x00000000eeb80000)
 ParOldGen       total 42496K, used 12447K [0x00000000c0000000, 0x00000000c2980000, 0x00000000eab00000)
  object space 42496K, 29% used [0x00000000c0000000,0x00000000c0c27c50,0x00000000c2980000)
 Metaspace       used 6262K, capacity 7088K, committed 7296K, reserved 1056768K
  class space    used 599K, capacity 616K, committed 640K, reserved 1048576K
}
Event: 16.197 GC heap before
{Heap before GC invocations=5 (full 0):
 PSYoungGen      total 66048K, used 66039K [0x00000000eab00000, 0x00000000eee00000, 0x0000000100000000)
  eden space 63488K, 100% used [0x00000000eab00000,0x00000000ee900000,0x00000000ee900000)
  from space 2560K, 99% used [0x00000000eeb80000,0x00000000eedfdc90,0x00000000eee00000)
  to   space 2560K, 0% used [0x00000000ee900000,0x00000000ee900000,0x00000000eeb80000)
 ParOldGen       total 42496K, used 12447K [0x00000000c0000000, 0x00000000c2980000, 0x00000000eab00000)
  object space 42496K, 29% used [0x00000000c0000000,0x00000000c0c27c50,0x00000000c2980000)
 Metaspace       used 6327K, capacity 7152K, committed 7296K, reserved 1056768K
  class space    used 599K, capacity 616K, committed 640K, reserved 1048576K
Event: 16.382 GC heap after
Heap after GC invocations=5 (full 0):
 PSYoungGen      total 66048K, used 2551K [0x00000000eab00000, 0x00000000f4400000, 0x0000000100000000)
  eden space 63488K, 0% used [0x00000000eab00000,0x00000000eab00000,0x00000000ee900000)
  from space 2560K, 99% used [0x00000000ee900000,0x00000000eeb7dc90,0x00000000eeb80000)
  to   space 14848K, 0% used [0x00000000f3580000,0x00000000f3580000,0x00000000f4400000)
 ParOldGen       total 42496K, used 22865K [0x00000000c0000000, 0x00000000c2980000, 0x00000000eab00000)
  object space 42496K, 53% used [0x00000000c0000000,0x00000000c16544f8,0x00000000c2980000)
 Metaspace       used 6327K, capacity 7152K, committed 7296K, reserved 1056768K
  class space    used 599K, capacity 616K, committed 640K, reserved 1048576K
}
Event: 22.207 GC heap before
{Heap before GC invocations=6 (full 0):
 PSYoungGen      total 66048K, used 66039K [0x00000000eab00000, 0x00000000f4400000, 0x0000000100000000)
  eden space 63488K, 100% used [0x00000000eab00000,0x00000000ee900000,0x00000000ee900000)
  from space 2560K, 99% used [0x00000000ee900000,0x00000000eeb7dc90,0x00000000eeb80000)
  to   space 14848K, 0% used [0x00000000f3580000,0x00000000f3580000,0x00000000f4400000)
 ParOldGen       total 42496K, used 22865K [0x00000000c0000000, 0x00000000c2980000, 0x00000000eab00000)
  object space 42496K, 53% used [0x00000000c0000000,0x00000000c16544f8,0x00000000c2980000)
 Metaspace       used 6484K, capacity 7192K, committed 7424K, reserved 1056768K
  class space    used 621K, capacity 656K, committed 768K, reserved 1048576K
Event: 22.603 GC heap after
Heap after GC invocations=6 (full 0):
 PSYoungGen      total 139776K, used 12238K [0x00000000eab00000, 0x00000000f4800000, 0x0000000100000000)
  eden space 124928K, 0% used [0x00000000eab00000,0x00000000eab00000,0x00000000f2500000)
  from space 14848K, 82% used [0x00000000f3580000,0x00000000f4173970,0x00000000f4400000)
  to   space 16896K, 0% used [0x00000000f2500000,0x00000000f2500000,0x00000000f3580000)
 ParOldGen       total 42496K, used 22865K [0x00000000c0000000, 0x00000000c2980000, 0x00000000eab00000)
  object space 42496K, 53% used [0x00000000c0000000,0x00000000c16544f8,0x00000000c2980000)
 Metaspace       used 6484K, capacity 7192K, committed 7424K, reserved 1056768K
  class space    used 621K, capacity 656K, committed 768K, reserved 1048576K
}
Event: 36.076 GC heap before
{Heap before GC invocations=7 (full 0):
 PSYoungGen      total 139776K, used 137166K [0x00000000eab00000, 0x00000000f4800000, 0x0000000100000000)
  eden space 124928K, 100% used [0x00000000eab00000,0x00000000f2500000,0x00000000f2500000)
  from space 14848K, 82% used [0x00000000f3580000,0x00000000f4173970,0x00000000f4400000)
  to   space 16896K, 0% used [0x00000000f2500000,0x00000000f2500000,0x00000000f3580000)
 ParOldGen       total 42496K, used 22865K [0x00000000c0000000, 0x00000000c2980000, 0x00000000eab00000)
  object space 42496K, 53% used [0x00000000c0000000,0x00000000c16544f8,0x00000000c2980000)
 Metaspace       used 6507K, capacity 7256K, committed 7424K, reserved 1056768K
  class space    used 621K, capacity 656K, committed 768K, reserved 1048576K
Event: 36.211 GC heap after
Heap after GC invocations=7 (full 0):
 PSYoungGen      total 141824K, used 16878K [0x00000000eab00000, 0x00000000fd600000, 0x0000000100000000)
  eden space 124928K, 0% used [0x00000000eab00000,0x00000000eab00000,0x00000000f2500000)
  from space 16896K, 99% used [0x00000000f2500000,0x00000000f357b960,0x00000000f3580000)
  to   space 28160K, 0% used [0x00000000fba80000,0x00000000fba80000,0x00000000fd600000)
 ParOldGen       total 42496K, used 38505K [0x00000000c0000000, 0x00000000c2980000, 0x00000000eab00000)
  object space 42496K, 90% used [0x00000000c0000000,0x00000000c259a798,0x00000000c2980000)
 Metaspace       used 6507K, capacity 7256K, committed 7424K, reserved 1056768K
  class space    used 621K, capacity 656K, committed 768K, reserved 1048576K
}
Event: 36.211 GC heap before
{Heap before GC invocations=8 (full 1):
 PSYoungGen      total 141824K, used 16878K [0x00000000eab00000, 0x00000000fd600000, 0x0000000100000000)
  eden space 124928K, 0% used [0x00000000eab00000,0x00000000eab00000,0x00000000f2500000)
  from space 16896K, 99% used [0x00000000f2500000,0x00000000f357b960,0x00000000f3580000)
  to   space 28160K, 0% used [0x00000000fba80000,0x00000000fba80000,0x00000000fd600000)
 ParOldGen       total 42496K, used 38505K [0x00000000c0000000, 0x00000000c2980000, 0x00000000eab00000)
  object space 42496K, 90% used [0x00000000c0000000,0x00000000c259a798,0x00000000c2980000)
 Metaspace       used 6507K, capacity 7256K, committed 7424K, reserved 1056768K
  class space    used 621K, capacity 656K, committed 768K, reserved 1048576K
Event: 37.302 GC heap after
Heap after GC invocations=8 (full 1):
 PSYoungGen      total 141824K, used 10712K [0x00000000eab00000, 0x00000000fd600000, 0x0000000100000000)
  eden space 124928K, 0% used [0x00000000eab00000,0x00000000eab00000,0x00000000f2500000)
  from space 16896K, 63% used [0x00000000f2500000,0x00000000f2f76338,0x00000000f3580000)
  to   space 28160K, 0% used [0x00000000fba80000,0x00000000fba80000,0x00000000fd600000)
 ParOldGen       total 82432K, used 42462K [0x00000000c0000000, 0x00000000c5080000, 0x00000000eab00000)
  object space 82432K, 51% used [0x00000000c0000000,0x00000000c2977ba8,0x00000000c5080000)
 Metaspace       used 6507K, capacity 7256K, committed 7424K, reserved 1056768K
  class space    used 621K, capacity 656K, committed 768K, reserved 1048576K
}

Deoptimization events (10 events):
Event: 40.228 Thread 0x000000000219e800 Uncommon trap: reason=class_check action=maybe_recompile pc=0x0000000002c72878 method=java.util.Arrays.hashCode([Ljava/lang/Object;)I @ 43
Event: 40.228 Thread 0x000000000219e800 Uncommon trap: reason=class_check action=maybe_recompile pc=0x0000000002c72878 method=java.util.Arrays.hashCode([Ljava/lang/Object;)I @ 43
Event: 40.228 Thread 0x000000000219e800 Uncommon trap: reason=class_check action=maybe_recompile pc=0x0000000002c72878 method=java.util.Arrays.hashCode([Ljava/lang/Object;)I @ 43
Event: 40.228 Thread 0x000000000219e800 Uncommon trap: reason=class_check action=maybe_recompile pc=0x0000000002c72878 method=java.util.Arrays.hashCode([Ljava/lang/Object;)I @ 43
Event: 40.228 Thread 0x000000000219e800 Uncommon trap: reason=class_check action=maybe_recompile pc=0x0000000002c67fe8 method=java.util.Arrays.hashCode([Ljava/lang/Object;)I @ 43
Event: 40.264 Thread 0x000000000219e800 Uncommon trap: reason=bimorphic action=maybe_recompile pc=0x000000000320c274 method=java.util.HashMap.putVal(ILjava/lang/Object;Ljava/lang/Object;ZZ)Ljava/lang/Object; @ 203
Event: 40.264 Thread 0x000000000219e800 Uncommon trap: reason=bimorphic action=maybe_recompile pc=0x000000000320c274 method=java.util.HashMap.putVal(ILjava/lang/Object;Ljava/lang/Object;ZZ)Ljava/lang/Object; @ 203
Event: 40.266 Thread 0x000000000219e800 Uncommon trap: reason=bimorphic action=maybe_recompile pc=0x000000000320c274 method=java.util.HashMap.putVal(ILjava/lang/Object;Ljava/lang/Object;ZZ)Ljava/lang/Object; @ 203
Event: 40.266 Thread 0x000000000219e800 Uncommon trap: reason=bimorphic action=maybe_recompile pc=0x000000000320c274 method=java.util.HashMap.putVal(ILjava/lang/Object;Ljava/lang/Object;ZZ)Ljava/lang/Object; @ 203
Event: 40.294 Thread 0x000000000219e800 Uncommon trap: reason=unstable_if action=reinterpret pc=0x0000000002f41908 method=com.android.dx.dex.file.DexFile.internIfAppropriate(Lcom/android/dx/rop/cst/Constant;)V @ 70

Internal exceptions (10 events):
Event: 2.840 Thread 0x0000000057034800 Implicit null exception at 0x0000000002b74116 to 0x0000000002b74aa9
Event: 3.605 Thread 0x0000000056fee800 Implicit null exception at 0x0000000002cac312 to 0x0000000002cac402
Event: 13.689 Thread 0x0000000056fee800 Implicit null exception at 0x0000000002e93018 to 0x0000000002e94a31
Event: 19.755 Thread 0x0000000056fe9000 Exception <a 'java/lang/ArrayIndexOutOfBoundsException': 18> (0x00000000ed30e4d8) thrown at [D:\re\puppet\workspace\8-2-build-windows-amd64-cygwin\jdk8u73\6086\hotspot\src\share\vm\interpreter\interpreterRuntime.cpp, line 366]
Event: 19.756 Thread 0x0000000056fe9000 Exception <a 'java/lang/ArrayIndexOutOfBoundsException': 145> (0x00000000ed310058) thrown at [D:\re\puppet\workspace\8-2-build-windows-amd64-cygwin\jdk8u73\6086\hotspot\src\share\vm\interpreter\interpreterRuntime.cpp, line 366]
Event: 19.757 Thread 0x0000000056fe9000 Exception <a 'java/lang/ArrayIndexOutOfBoundsException': 40> (0x00000000ed311340) thrown at [D:\re\puppet\workspace\8-2-build-windows-amd64-cygwin\jdk8u73\6086\hotspot\src\share\vm\interpreter\interpreterRuntime.cpp, line 366]
Event: 36.072 Thread 0x0000000056fee800 Implicit null exception at 0x00000000031a5359 to 0x00000000031a6461
Event: 36.072 Thread 0x0000000056fee800 Implicit null exception at 0x000000000318bd07 to 0x000000000318bfa1
Event: 36.075 Thread 0x0000000056fee800 Implicit null exception at 0x0000000003111d9a to 0x0000000003113005
Event: 36.075 Thread 0x0000000056fee800 Implicit null exception at 0x0000000003206b9c to 0x0000000003206d09

Events (10 events):
Event: 40.266 Thread 0x000000000219e800 DEOPT PACKING pc=0x000000000320c274 sp=0x000000000254ecf0
Event: 40.266 Thread 0x000000000219e800 DEOPT UNPACKING pc=0x000000000286582a sp=0x000000000254ec10 mode 2
Event: 40.266 Thread 0x000000000219e800 Uncommon trap: trap_request=0xffffffc6 fr.pc=0x000000000320c274
Event: 40.266 Thread 0x000000000219e800 DEOPT PACKING pc=0x000000000320c274 sp=0x000000000254ecf0
Event: 40.266 Thread 0x000000000219e800 DEOPT UNPACKING pc=0x000000000286582a sp=0x000000000254ec10 mode 2
Event: 40.294 Thread 0x000000000219e800 Uncommon trap: trap_request=0xffffff65 fr.pc=0x0000000002f41908
Event: 40.294 Thread 0x000000000219e800 DEOPT PACKING pc=0x0000000002f41908 sp=0x000000000254edc0
Event: 40.294 Thread 0x000000000219e800 DEOPT UNPACKING pc=0x000000000286582a sp=0x000000000254ed68 mode 2
Event: 40.296 loading class com/android/dx/dex/file/CatchStructs
Event: 40.296 loading class com/android/dx/dex/file/CatchStructs done


Dynamic libraries:
0x000000013fd20000 - 0x000000013fd57000 	C:\Program Files\Java\jdk1.8.0_73\bin\java.exe
0x0000000077540000 - 0x00000000776ea000 	C:\Windows\SYSTEM32\ntdll.dll
0x0000000077420000 - 0x000000007753f000 	C:\Windows\system32\kernel32.dll
0x000007fefd330000 - 0x000007fefd39a000 	C:\Windows\system32\KERNELBASE.dll
0x0000000074f70000 - 0x0000000074ff7000 	C:\Windows\System32\SYSFER.DLL
0x000007fefd630000 - 0x000007fefd70b000 	C:\Windows\system32\ADVAPI32.dll
0x000007fefeb80000 - 0x000007fefec1f000 	C:\Windows\system32\msvcrt.dll
0x000007feff620000 - 0x000007feff63f000 	C:\Windows\SYSTEM32\sechost.dll
0x000007fefe6d0000 - 0x000007fefe7fd000 	C:\Windows\system32\RPCRT4.dll
0x0000000077320000 - 0x000000007741a000 	C:\Windows\system32\USER32.dll
0x000007fefec70000 - 0x000007fefecd7000 	C:\Windows\system32\GDI32.dll
0x000007fefe880000 - 0x000007fefe88e000 	C:\Windows\system32\LPK.dll
0x000007feff550000 - 0x000007feff61a000 	C:\Windows\system32\USP10.dll
0x000007fefc1d0000 - 0x000007fefc3c4000 	C:\Windows\WinSxS\amd64_microsoft.windows.common-controls_6595b64144ccf1df_6.0.7601.18837_none_fa3b1e3d17594757\COMCTL32.dll
0x000007fefd820000 - 0x000007fefd891000 	C:\Windows\system32\SHLWAPI.dll
0x000007fefd7f0000 - 0x000007fefd81e000 	C:\Windows\system32\IMM32.DLL
0x000007fefeec0000 - 0x000007fefefc9000 	C:\Windows\system32\MSCTF.dll
0x0000000054990000 - 0x0000000054a62000 	C:\Program Files\Java\jdk1.8.0_73\jre\bin\msvcr100.dll
0x0000000054f90000 - 0x0000000055820000 	C:\Program Files\Java\jdk1.8.0_73\jre\bin\server\jvm.dll
0x000007feec600000 - 0x000007feec609000 	C:\Windows\system32\WSOCK32.dll
0x000007fefec20000 - 0x000007fefec6d000 	C:\Windows\system32\WS2_32.dll
0x000007fefeb70000 - 0x000007fefeb78000 	C:\Windows\system32\NSI.dll
0x000007fefbed0000 - 0x000007fefbf0b000 	C:\Windows\system32\WINMM.dll
0x000007fefc5b0000 - 0x000007fefc5bc000 	C:\Windows\system32\VERSION.dll
0x0000000077700000 - 0x0000000077707000 	C:\Windows\system32\PSAPI.DLL
0x0000000054f80000 - 0x0000000054f8f000 	C:\Program Files\Java\jdk1.8.0_73\jre\bin\verify.dll
0x0000000054f50000 - 0x0000000054f79000 	C:\Program Files\Java\jdk1.8.0_73\jre\bin\java.dll
0x0000000054f30000 - 0x0000000054f46000 	C:\Program Files\Java\jdk1.8.0_73\jre\bin\zip.dll
0x000007fefd8a0000 - 0x000007fefe62a000 	C:\Windows\system32\SHELL32.dll
0x000007feff640000 - 0x000007feff843000 	C:\Windows\system32\ole32.dll
0x000007fefd280000 - 0x000007fefd28f000 	C:\Windows\system32\profapi.dll

VM Arguments:
jvm_args: -Djava.awt.headless=true -Xmx1024M -Dfile.encoding=windows-1251 -Duser.country=RU -Duser.language=ru -Duser.variant 
java_command: com.android.dx.command.Main --dex --force-jumbo --num-threads=4 --output C:\asp\NGS_vacancy\app\build\intermediates\pre-dexed\debug\rxjava-1.1.6_35c4004d97e1d1e29c1bf075d596af46427d036c.jar C:\Users\avtseben\.gradle\caches\modules-2\files-2.1\io.reactivex\rxjava\1.1.6\2586312cd2b8a511e4c6236736f5a039fc0f2273\rxjava-1.1.6.jar
java_class_path (initial): C:\Users\avtseben\AppData\Local\Android\Sdk\build-tools\23.0.3\lib\dx.jar
Launcher Type: SUN_STANDARD

Environment Variables:
PATH=C:\Program Files\Broadcom\Broadcom 802.11;c:\Program Files (x86)\Intel\iCLS Client\;c:\Program Files\Intel\iCLS Client\;C:\ProgramData\Oracle\Java\javapath;C:\Windows\system32;C:\Windows;C:\Windows\System32\Wbem;C:\Windows\System32\WindowsPowerShell\v1.0\;C:\Program Files\Intel\Intel(R) Management Engine Components\DAL;C:\Program Files\Intel\Intel(R) Management Engine Components\IPT;C:\Program Files (x86)\Intel\Intel(R) Management Engine Components\DAL;C:\Program Files (x86)\Intel\Intel(R) Management Engine Components\IPT;c:\Program Files\WIDCOMM\Bluetooth Software\;c:\Program Files\WIDCOMM\Bluetooth Software\syswow64;C:\Program Files (x86)\Hewlett-Packard\HP ProtectTools Security Manager\Bin\;C:\Program Files (x86)\Skype\Phone\;C:\Program Files\OpenVPN\bin;C:\androidSDK\platform-tools\;C:\Program Files\Broadcom\Broadcom 802.11;c:\Program Files (x86)\Intel\iCLS Client\;c:\Program Files\Intel\iCLS Client\;C:\ProgramData\Oracle\Java\javapath;C:\Windows\system32;C:\Windows;C:\Windows\System32\Wbem;C:\Windows\System32\WindowsPowerShell\v1.0\;C:\Program Files\Intel\Intel(R) Management Engine Components\DAL;C:\Program Files\Intel\Intel(R) Management Engine Components\IPT;C:\Program Files (x86)\Intel\Intel(R) Management Engine Components\DAL;C:\Program Files (x86)\Intel\Intel(R) Management Engine Components\IPT;c:\Program Files\WIDCOMM\Bluetooth Software\;c:\Program Files\WIDCOMM\Bluetooth Software\syswow64;C:\Program Files (x86)\Hewlett-Packard\HP ProtectTools Security Manager\Bin\;C:\Program Files (x86)\Brackets\command;C:\Program Files (x86)\Skype\Phone\;C:\Program Files (x86)\ufs2tools-0.8\ufs2tools\;C:\Program Files\Git\bin\;C:\androidSDK\platform-tools;C:\gradle\bin
USERNAME=avtseben
OS=Windows_NT
PROCESSOR_IDENTIFIER=Intel64 Family 6 Model 58 Stepping 9, GenuineIntel



---------------  S Y S T E M  ---------------

OS: Windows 7 , 64 bit Build 7601 (6.1.7601.23572)

CPU:total 4 (2 cores per cpu, 2 threads per core) family 6 model 58 stepping 9, cmov, cx8, fxsr, mmx, sse, sse2, sse3, ssse3, sse4.1, sse4.2, popcnt, avx, aes, clmul, erms, ht, tsc, tscinvbit, tscinv

Memory: 4k page, physical 4056748k(70580k free), swap 5123076k(5072k free)

vm_info: Java HotSpot(TM) 64-Bit Server VM (25.73-b02) for windows-amd64 JRE (1.8.0_73-b02), built on Jan 29 2016 17:38:49 by "java_re" with MS VC++ 10.0 (VS2010)

time: Thu Dec 22 23:46:19 2016
elapsed time: 40 seconds (0d 0h 0m 40s)

